2026-05-14 08:05:25 [INFO]: 🚀 Zenith API running on http://localhost:8080
2026-05-14 08:05:25 [INFO]: MongoDB Connected: 127.0.0.1
2026-05-14 08:10:20 [INFO]: [0mPOST /api/auth/register [32m201[0m 661.415 ms - 444[0m
2026-05-14 08:10:20 [INFO]: [0mGET /api/notes [32m200[0m 70.116 ms - 62[0m
2026-05-14 08:10:20 [INFO]: [0mGET /api/sessions/stats [32m200[0m 129.899 ms - 110[0m
2026-05-14 08:10:20 [INFO]: [0mGET /api/tasks [32m200[0m 155.413 ms - 81[0m
2026-05-14 08:10:47 [ERROR]: Unhandled error: ENOENT: no such file or directory, open 'C:\Users\acer\Downloads\zenith-fullstack\project\backend\uploads\4060ac1831c71916c7e2e6f0.gif'
Error: ENOENT: no such file or directory, open 'C:\Users\acer\Downloads\zenith-fullstack\project\backend\uploads\4060ac1831c71916c7e2e6f0.gif'
2026-05-14 08:10:47 [INFO]: [0mPUT /api/users/profile [31m500[0m 88.189 ms - 334[0m
2026-05-14 08:10:52 [ERROR]: Unhandled error: ENOENT: no such file or directory, open 'C:\Users\acer\Downloads\zenith-fullstack\project\backend\uploads\006f987f6dc66c4aa1f91566.gif'
Error: ENOENT: no such file or directory, open 'C:\Users\acer\Downloads\zenith-fullstack\project\backend\uploads\006f987f6dc66c4aa1f91566.gif'
2026-05-14 08:10:52 [INFO]: [0mPUT /api/users/profile [31m500[0m 15.591 ms - 334[0m
2026-05-14 08:11:31 [INFO]: [0mPOST /api/tasks [32m201[0m 17.199 ms - 353[0m
2026-05-14 08:11:57 [INFO]: [0mPOST /api/notes [32m201[0m 12.517 ms - 311[0m
2026-05-14 08:16:16 [INFO]: 🚀 Zenith API running on http://localhost:8080
2026-05-14 08:16:16 [INFO]: MongoDB Connected: 127.0.0.1
2026-05-14 08:16:57 [INFO]: [0mPUT /api/users/profile [32m200[0m 344.603 ms - 304[0m
2026-05-14 08:16:57 [INFO]: [0mGET /uploads/9e166c5a2417283787da627e.gif [32m200[0m 5.858 ms - 135585[0m
2026-05-14 08:17:40 [INFO]: [0mPOST /api/auth/logout [32m200[0m 6.571 ms - 62[0m
2026-05-14 08:17:47 [INFO]: [0mPOST /api/auth/logout [33m401[0m 0.747 ms - 66[0m
2026-05-14 08:18:01 [INFO]: [0mPOST /api/auth/login [33m401[0m 449.165 ms - 55[0m
2026-05-14 08:18:08 [INFO]: [0mPOST /api/auth/login [33m401[0m 486.043 ms - 55[0m
2026-05-14 08:18:17 [INFO]: [0mPOST /api/auth/login [32m200[0m 434.892 ms - 474[0m
2026-05-14 08:18:18 [INFO]: [0mGET /uploads/9e166c5a2417283787da627e.gif [36m304[0m 2.775 ms - -[0m
2026-05-14 08:18:18 [INFO]: [0mGET /api/notes [32m200[0m 53.359 ms - 315[0m
2026-05-14 08:18:18 [INFO]: [0mGET /api/sessions/stats [36m304[0m 71.454 ms - -[0m
2026-05-14 08:18:18 [INFO]: [0mGET /api/tasks [32m200[0m 110.750 ms - 376[0m
2026-05-14 08:18:31 [INFO]: [0mDELETE /api/tasks/6a05598389390e9bd3d610bc [32m200[0m 16.841 ms - 51[0m
